// Jest Snapshot v1, https://goo.gl/fbAQLP

exports[`üõçÔ∏è ProductCard Component matches snapshot 1`] = `
<DocumentFragment>
  <div
    class="product-card theme-mint size-md  "
    data-testid="product-card"
  >
    <div
      class="product-card-image-container"
    >
      <img
        alt="Test Product"
        loading="lazy"
        src="test-product.jpg"
      />
    </div>
    <div
      class="product-info"
    >
      <h3
        class="product-title"
      >
        <a
          href="/product/123"
        >
          Test Product
        </a>
      </h3>
      <div
        class="product-price"
      >
        <span>
          $49.99
        </span>
      </div>
      <div
        class="product-description"
      >
        A nice product for testing
      </div>
      <button
        aria-label="Add to Cart"
        data-testid="add-to-cart-btn"
        type="button"
      >
        Add to Cart
      </button>
      <a
        class="btn-small"
        href="/product/123"
      >
        Shop Now
      </a>
    </div>
  </div>
</DocumentFragment>
`;
