// Jest Snapshot v1, https://jestjs.io/docs/snapshot-testing

exports[`ðŸ’³ CheckoutPage matches snapshot 1`] = `
<DocumentFragment>
  <div>
    <ul>
      <li>
        <span>
          Item A
        </span>
        <span>
          2
        </span>
        <span>
          $20
        </span>
      </li>
      <li>
        <span>
          Item B
        </span>
        <span>
          1
        </span>
        <span>
          $10
        </span>
      </li>
    </ul>
    <div>
      Total: $50
    </div>
    <hr />
    <div
      style="margin-bottom: 8px;"
    >
      <a
        href="/login"
        style="margin-right: 12px;"
      >
        Log in for faster checkout
      </a>
      <span>
        or continue as guest:
      </span>
    </div>
    <form
      class="guestCheckoutForm"
    >
      <h2>
        Guest Checkout
      </h2>
      <div
        class="formGroup"
      >
        <label>
          Full Name
        </label>
        <input
          name="name"
          value=""
        />
      </div>
      <div
        class="formGroup"
      >
        <label>
          Email
        </label>
        <input
          name="email"
          type="email"
          value=""
        />
      </div>
      <div
        class="formGroup"
      >
        <label>
          Phone
        </label>
        <input
          name="phone"
          value=""
        />
      </div>
      <div
        class="formGroup"
      >
        <label>
          Shipping Address
        </label>
        <input
          name="address"
          value=""
        />
      </div>
      <div
        class="formGroup"
      >
        <label>
          Country
        </label>
        <input
          name="country"
          value=""
        />
      </div>
      <button
        class="submitButton"
        type="submit"
      >
        Place Order as Guest
      </button>
    </form>
  </div>
</DocumentFragment>
`;
